synckeeper  ● running · watching · pid 4242 · up 3d4h                                       14:45:02
max_mbp  ·  /home/max/Synckeeper  ⇄  "Synckeeper"

── activity — 10 of 40 · “note” ────────────────────────────────────────────────────────────────────
 /note▏  enter keep · esc cancel
 2m ago    ↓ drive→local download  Notes/note-01.md
 6m ago    ↓ drive→local download  Notes/note-05.md
 10m ago   ↓ drive→local download  Notes/note-09.md
 14m ago   ↓ drive→local download  Notes/note-13.md
 18m ago   ↓ drive→local download  Notes/note-17.md
 22m ago   ↓ drive→local download  Notes/note-21.md
 26m ago   ↓ drive→local download  Notes/note-25.md
 30m ago   ↓ drive→local download  Notes/note-29.md
 34m ago   ↓ drive→local download  Notes/note-33.md
 38m ago   ↓ drive→local download  Notes/note-37.md
1 overview · 2 activity · 3 info                  f filter · / search · j/k scroll · ? help · q quit
